{
 "capture": "chrome_20_post_cloudflare",
 "browser": "chrome",
 "session": "20_post_cloudflare",
 "ref_rows": 3940,
 "ref_rows_port443": 3940,
 "L3": {
  "t2_dir_rows": 1060,
  "t2_bidir_flows": 329,
  "matched": 77,
  "pkts_ab": {
   "exact": 0.1299,
   "median_abs_diff": 6.0,
   "max_abs_diff": 458.0
  },
  "pkts_ba": {
   "exact": 0.0779,
   "median_abs_diff": 7.0,
   "max_abs_diff": 518.0
  },
  "bytes_ab": {
   "exact": 0.0,
   "median_abs_diff": 1339.0,
   "max_abs_diff": 28565.0
  },
  "bytes_ba": {
   "exact": 0.0,
   "median_abs_diff": 2908.0,
   "max_abs_diff": 314878.0
  },
  "duration": {
   "exact": 0.0,
   "median_abs_diff": 1.6254,
   "max_abs_diff": 12.261
  },
  "mean_Bpp_ab": {
   "exact": 0.0,
   "median_abs_diff": 46.4,
   "max_abs_diff": 344.6614
  },
  "mean_Bpp_ba": {
   "exact": 0.0,
   "median_abs_diff": 115.625,
   "max_abs_diff": 1151.1917
  },
  "mean_pps_ab": {
   "exact": 0.0,
   "median_abs_diff": 6.8567,
   "max_abs_diff": 118.4557
  },
  "mean_pps_ba": {
   "exact": 0.0,
   "median_abs_diff": 9.169,
   "max_abs_diff": 107.6561
  },
  "mean_pkts_asm": {
   "exact": 0.0909,
   "median_abs_diff": 0.0338,
   "max_abs_diff": 0.1955
  },
  "mean_bytes_asm": {
   "exact": 0.0,
   "median_abs_diff": 0.0553,
   "max_abs_diff": 0.4109
  },
  "Bpp_ab_t2_minus_ref_mean": 50.754
 },
 "L7": {
  "t2_dir_rows": 1060,
  "t2_bidir_flows": 329,
  "matched": 77,
  "pkts_ab": {
   "exact": 0.1299,
   "median_abs_diff": 6.0,
   "max_abs_diff": 458.0
  },
  "pkts_ba": {
   "exact": 0.0779,
   "median_abs_diff": 7.0,
   "max_abs_diff": 518.0
  },
  "bytes_ab": {
   "exact": 0.0,
   "median_abs_diff": 759.0,
   "max_abs_diff": 29265.0
  },
  "bytes_ba": {
   "exact": 0.0,
   "median_abs_diff": 2554.0,
   "max_abs_diff": 305274.0
  },
  "duration": {
   "exact": 0.0,
   "median_abs_diff": 1.6254,
   "max_abs_diff": 12.261
  },
  "mean_Bpp_ab": {
   "exact": 0.0,
   "median_abs_diff": 35.0458,
   "max_abs_diff": 303.485
  },
  "mean_Bpp_ba": {
   "exact": 0.0,
   "median_abs_diff": 104.2,
   "max_abs_diff": 1111.175
  },
  "mean_pps_ab": {
   "exact": 0.0,
   "median_abs_diff": 6.8567,
   "max_abs_diff": 118.4557
  },
  "mean_pps_ba": {
   "exact": 0.0,
   "median_abs_diff": 9.169,
   "max_abs_diff": 107.6561
  },
  "mean_pkts_asm": {
   "exact": 0.0909,
   "median_abs_diff": 0.0338,
   "max_abs_diff": 0.1955
  },
  "mean_bytes_asm": {
   "exact": 0.0,
   "median_abs_diff": 0.0623,
   "max_abs_diff": 0.41
  },
  "Bpp_ab_t2_minus_ref_mean": 9.023
 }
}
{
 "capture": "chrome_22_get_google",
 "browser": "chrome",
 "session": "22_get_google",
 "ref_rows": 3844,
 "ref_rows_port443": 3844,
 "L3": {
  "t2_dir_rows": 664,
  "t2_bidir_flows": 176,
  "matched": 41,
  "pkts_ab": {
   "exact": 0.0732,
   "median_abs_diff": 10.0,
   "max_abs_diff": 985.0
  },
  "pkts_ba": {
   "exact": 0.0244,
   "median_abs_diff": 17.0,
   "max_abs_diff": 1381.0
  },
  "bytes_ab": {
   "exact": 0.0,
   "median_abs_diff": 1480.0,
   "max_abs_diff": 100650.0
  },
  "bytes_ba": {
   "exact": 0.0,
   "median_abs_diff": 3557.0,
   "max_abs_diff": 313308.0
  },
  "duration": {
   "exact": 0.0,
   "median_abs_diff": 3.3655,
   "max_abs_diff": 14.3431
  },
  "mean_Bpp_ab": {
   "exact": 0.0,
   "median_abs_diff": 55.2435,
   "max_abs_diff": 554.1926
  },
  "mean_Bpp_ba": {
   "exact": 0.0,
   "median_abs_diff": 206.5,
   "max_abs_diff": 729.398
  },
  "mean_pps_ab": {
   "exact": 0.0,
   "median_abs_diff": 9.3052,
   "max_abs_diff": 324.4302
  },
  "mean_pps_ba": {
   "exact": 0.0,
   "median_abs_diff": 9.7434,
   "max_abs_diff": 407.2097
  },
  "mean_pkts_asm": {
   "exact": 0.0976,
   "median_abs_diff": 0.051,
   "max_abs_diff": 0.2092
  },
  "mean_bytes_asm": {
   "exact": 0.0,
   "median_abs_diff": 0.0763,
   "max_abs_diff": 0.548
  },
  "Bpp_ab_t2_minus_ref_mean": 78.54
 },
 "L7": {
  "t2_dir_rows": 664,
  "t2_bidir_flows": 176,
  "matched": 41,
  "pkts_ab": {
   "exact": 0.0732,
   "median_abs_diff": 10.0,
   "max_abs_diff": 985.0
  },
  "pkts_ba": {
   "exact": 0.0244,
   "median_abs_diff": 17.0,
   "max_abs_diff": 1381.0
  },
  "bytes_ab": {
   "exact": 0.0,
   "median_abs_diff": 725.0,
   "max_abs_diff": 101070.0
  },
  "bytes_ba": {
   "exact": 0.0,
   "median_abs_diff": 3760.0,
   "max_abs_diff": 313672.0
  },
  "duration": {
   "exact": 0.0,
   "median_abs_diff": 3.3655,
   "max_abs_diff": 14.3431
  },
  "mean_Bpp_ab": {
   "exact": 0.0,
   "median_abs_diff": 51.8468,
   "max_abs_diff": 513.4519
  },
  "mean_Bpp_ba": {
   "exact": 0.0,
   "median_abs_diff": 243.9775,
   "max_abs_diff": 689.3796
  },
  "mean_pps_ab": {
   "exact": 0.0,
   "median_abs_diff": 9.3052,
   "max_abs_diff": 324.4302
  },
  "mean_pps_ba": {
   "exact": 0.0,
   "median_abs_diff": 9.7434,
   "max_abs_diff": 407.2097
  },
  "mean_pkts_asm": {
   "exact": 0.0976,
   "median_abs_diff": 0.051,
   "max_abs_diff": 0.2092
  },
  "mean_bytes_asm": {
   "exact": 0.0,
   "median_abs_diff": 0.078,
   "max_abs_diff": 0.5762
  },
  "Bpp_ab_t2_minus_ref_mean": 37.124
 }
}
{
 "capture": "chrome_23_get_google",
 "browser": "chrome",
 "session": "23_get_google",
 "ref_rows": 3912,
 "ref_rows_port443": 3912,
 "L3": {
  "t2_dir_rows": 505,
  "t2_bidir_flows": 148,
  "matched": 37,
  "pkts_ab": {
   "exact": 0.0811,
   "median_abs_diff": 5.0,
   "max_abs_diff": 377.0
  },
  "pkts_ba": {
   "exact": 0.0541,
   "median_abs_diff": 7.0,
   "max_abs_diff": 538.0
  },
  "bytes_ab": {
   "exact": 0.0,
   "median_abs_diff": 1096.0,
   "max_abs_diff": 36233.0
  },
  "bytes_ba": {
   "exact": 0.0,
   "median_abs_diff": 2174.0,
   "max_abs_diff": 744635.0
  },
  "duration": {
   "exact": 0.0,
   "median_abs_diff": 1.9152,
   "max_abs_diff": 13.1738
  },
  "mean_Bpp_ab": {
   "exact": 0.0,
   "median_abs_diff": 60.4444,
   "max_abs_diff": 218.7917
  },
  "mean_Bpp_ba": {
   "exact": 0.0,
   "median_abs_diff": 166.342,
   "max_abs_diff": 1165.5115
  },
  "mean_pps_ab": {
   "exact": 0.0,
   "median_abs_diff": 8.8564,
   "max_abs_diff": 680.9902
  },
  "mean_pps_ba": {
   "exact": 0.0,
   "median_abs_diff": 7.8854,
   "max_abs_diff": 618.1709
  },
  "mean_pkts_asm": {
   "exact": 0.0541,
   "median_abs_diff": 0.05,
   "max_abs_diff": 0.2339
  },
  "mean_bytes_asm": {
   "exact": 0.0,
   "median_abs_diff": 0.0566,
   "max_abs_diff": 0.4267
  },
  "Bpp_ab_t2_minus_ref_mean": 43.796
 },
 "L7": {
  "t2_dir_rows": 505,
  "t2_bidir_flows": 148,
  "matched": 37,
  "pkts_ab": {
   "exact": 0.0811,
   "median_abs_diff": 5.0,
   "max_abs_diff": 377.0
  },
  "pkts_ba": {
   "exact": 0.0541,
   "median_abs_diff": 7.0,
   "max_abs_diff": 538.0
  },
  "bytes_ab": {
   "exact": 0.0,
   "median_abs_diff": 638.0,
   "max_abs_diff": 36853.0
  },
  "bytes_ba": {
   "exact": 0.0,
   "median_abs_diff": 2262.0,
   "max_abs_diff": 721831.0
  },
  "duration": {
   "exact": 0.0,
   "median_abs_diff": 1.9152,
   "max_abs_diff": 13.1738
  },
  "mean_Bpp_ab": {
   "exact": 0.0,
   "median_abs_diff": 29.6667,
   "max_abs_diff": 175.4583
  },
  "mean_Bpp_ba": {
   "exact": 0.0,
   "median_abs_diff": 175.5968,
   "max_abs_diff": 1125.5045
  },
  "mean_pps_ab": {
   "exact": 0.0,
   "median_abs_diff": 8.8564,
   "max_abs_diff": 680.9902
  },
  "mean_pps_ba": {
   "exact": 0.0,
   "median_abs_diff": 7.8854,
   "max_abs_diff": 618.1709
  },
  "mean_pkts_asm": {
   "exact": 0.0541,
   "median_abs_diff": 0.05,
   "max_abs_diff": 0.2339
  },
  "mean_bytes_asm": {
   "exact": 0.0,
   "median_abs_diff": 0.0617,
   "max_abs_diff": 0.2886
  },
  "Bpp_ab_t2_minus_ref_mean": 1.994
 }
}
{
 "capture": "chrome_25_post_quad9",
 "browser": "chrome",
 "session": "25_post_quad9",
 "ref_rows": 3865,
 "ref_rows_port443": 3865,
 "L3": {
  "t2_dir_rows": 524,
  "t2_bidir_flows": 151,
  "matched": 47,
  "pkts_ab": {
   "exact": 0.1064,
   "median_abs_diff": 9.0,
   "max_abs_diff": 1848.0
  },
  "pkts_ba": {
   "exact": 0.1064,
   "median_abs_diff": 10.0,
   "max_abs_diff": 4632.0
  },
  "bytes_ab": {
   "exact": 0.0,
   "median_abs_diff": 1213.0,
   "max_abs_diff": 75578.0
  },
  "bytes_ba": {
   "exact": 0.0,
   "median_abs_diff": 3050.0,
   "max_abs_diff": 6707234.0
  },
  "duration": {
   "exact": 0.0,
   "median_abs_diff": 1.8859,
   "max_abs_diff": 10.2992
  },
  "mean_Bpp_ab": {
   "exact": 0.0,
   "median_abs_diff": 62.186,
   "max_abs_diff": 255.9749
  },
  "mean_Bpp_ba": {
   "exact": 0.0,
   "median_abs_diff": 207.5143,
   "max_abs_diff": 1143.9273
  },
  "mean_pps_ab": {
   "exact": 0.0,
   "median_abs_diff": 19.6418,
   "max_abs_diff": 553.3588
  },
  "mean_pps_ba": {
   "exact": 0.0,
   "median_abs_diff": 22.6438,
   "max_abs_diff": 1349.7078
  },
  "mean_pkts_asm": {
   "exact": 0.0851,
   "median_abs_diff": 0.0415,
   "max_abs_diff": 0.2939
  },
  "mean_bytes_asm": {
   "exact": 0.0,
   "median_abs_diff": 0.0934,
   "max_abs_diff": 0.4217
  },
  "Bpp_ab_t2_minus_ref_mean": 29.81
 },
 "L7": {
  "t2_dir_rows": 524,
  "t2_bidir_flows": 151,
  "matched": 47,
  "pkts_ab": {
   "exact": 0.1064,
   "median_abs_diff": 9.0,
   "max_abs_diff": 1848.0
  },
  "pkts_ba": {
   "exact": 0.1064,
   "median_abs_diff": 10.0,
   "max_abs_diff": 4632.0
  },
  "bytes_ab": {
   "exact": 0.0,
   "median_abs_diff": 713.0,
   "max_abs_diff": 21605.0
  },
  "bytes_ba": {
   "exact": 0.0,
   "median_abs_diff": 2827.0,
   "max_abs_diff": 6521630.0
  },
  "duration": {
   "exact": 0.0,
   "median_abs_diff": 1.8859,
   "max_abs_diff": 10.2992
  },
  "mean_Bpp_ab": {
   "exact": 0.0,
   "median_abs_diff": 41.1667,
   "max_abs_diff": 213.4749
  },
  "mean_Bpp_ba": {
   "exact": 0.0,
   "median_abs_diff": 197.6364,
   "max_abs_diff": 1103.9233
  },
  "mean_pps_ab": {
   "exact": 0.0,
   "median_abs_diff": 19.6418,
   "max_abs_diff": 553.3588
  },
  "mean_pps_ba": {
   "exact": 0.0,
   "median_abs_diff": 22.6438,
   "max_abs_diff": 1349.7078
  },
  "mean_pkts_asm": {
   "exact": 0.0851,
   "median_abs_diff": 0.0415,
   "max_abs_diff": 0.2939
  },
  "mean_bytes_asm": {
   "exact": 0.0,
   "median_abs_diff": 0.1085,
   "max_abs_diff": 0.4505
  },
  "Bpp_ab_t2_minus_ref_mean": -11.712
 }
}
{
 "capture": "firefox_1_post_adguard",
 "browser": "firefox",
 "session": "1_post_adguard",
 "ref_rows": 1328,
 "ref_rows_port443": 1328,
 "L3": {
  "t2_dir_rows": 338,
  "t2_bidir_flows": 132,
  "matched": 21,
  "pkts_ab": {
   "exact": 0.0476,
   "median_abs_diff": 28.0,
   "max_abs_diff": 302.0
  },
  "pkts_ba": {
   "exact": 0.0,
   "median_abs_diff": 23.0,
   "max_abs_diff": 402.0
  },
  "bytes_ab": {
   "exact": 0.0,
   "median_abs_diff": 3674.0,
   "max_abs_diff": 26536.0
  },
  "bytes_ba": {
   "exact": 0.0,
   "median_abs_diff": 7346.0,
   "max_abs_diff": 580845.0
  },
  "duration": {
   "exact": 0.0,
   "median_abs_diff": 3.0297,
   "max_abs_diff": 11.5639
  },
  "mean_Bpp_ab": {
   "exact": 0.0,
   "median_abs_diff": 64.6071,
   "max_abs_diff": 257.75
  },
  "mean_Bpp_ba": {
   "exact": 0.0,
   "median_abs_diff": 228.1299,
   "max_abs_diff": 1267.4202
  },
  "mean_pps_ab": {
   "exact": 0.0,
   "median_abs_diff": 49.6071,
   "max_abs_diff": 185.6373
  },
  "mean_pps_ba": {
   "exact": 0.0,
   "median_abs_diff": 46.5231,
   "max_abs_diff": 245.0685
  },
  "mean_pkts_asm": {
   "exact": 0.0,
   "median_abs_diff": 0.0388,
   "max_abs_diff": 0.1886
  },
  "mean_bytes_asm": {
   "exact": 0.0,
   "median_abs_diff": 0.1608,
   "max_abs_diff": 0.4477
  },
  "Bpp_ab_t2_minus_ref_mean": 8.397
 },
 "L7": {
  "t2_dir_rows": 338,
  "t2_bidir_flows": 132,
  "matched": 21,
  "pkts_ab": {
   "exact": 0.0476,
   "median_abs_diff": 28.0,
   "max_abs_diff": 302.0
  },
  "pkts_ba": {
   "exact": 0.0,
   "median_abs_diff": 23.0,
   "max_abs_diff": 402.0
  },
  "bytes_ab": {
   "exact": 0.0,
   "median_abs_diff": 3020.0,
   "max_abs_diff": 16836.0
  },
  "bytes_ba": {
   "exact": 0.0,
   "median_abs_diff": 7534.0,
   "max_abs_diff": 564321.0
  },
  "duration": {
   "exact": 0.0,
   "median_abs_diff": 3.0297,
   "max_abs_diff": 11.5639
  },
  "mean_Bpp_ab": {
   "exact": 0.0,
   "median_abs_diff": 76.3611,
   "max_abs_diff": 214.4167
  },
  "mean_Bpp_ba": {
   "exact": 0.0,
   "median_abs_diff": 232.9667,
   "max_abs_diff": 1227.4007
  },
  "mean_pps_ab": {
   "exact": 0.0,
   "median_abs_diff": 49.6071,
   "max_abs_diff": 185.6373
  },
  "mean_pps_ba": {
   "exact": 0.0,
   "median_abs_diff": 46.5231,
   "max_abs_diff": 245.0685
  },
  "mean_pkts_asm": {
   "exact": 0.0,
   "median_abs_diff": 0.0388,
   "max_abs_diff": 0.1886
  },
  "mean_bytes_asm": {
   "exact": 0.0,
   "median_abs_diff": 0.1844,
   "max_abs_diff": 0.4872
  },
  "Bpp_ab_t2_minus_ref_mean": -34.001
 }
}
{
 "capture": "firefox_5_post_cloudflare",
 "browser": "firefox",
 "session": "5_post_cloudflare",
 "ref_rows": 1238,
 "ref_rows_port443": 1238,
 "L3": {
  "t2_dir_rows": 747,
  "t2_bidir_flows": 302,
  "matched": 34,
  "pkts_ab": {
   "exact": 0.0588,
   "median_abs_diff": 19.5,
   "max_abs_diff": 891.0
  },
  "pkts_ba": {
   "exact": 0.0,
   "median_abs_diff": 22.5,
   "max_abs_diff": 913.0
  },
  "bytes_ab": {
   "exact": 0.0,
   "median_abs_diff": 1163.5,
   "max_abs_diff": 75914.0
  },
  "bytes_ba": {
   "exact": 0.0,
   "median_abs_diff": 5603.0,
   "max_abs_diff": 137424.0
  },
  "duration": {
   "exact": 0.0,
   "median_abs_diff": 3.6423,
   "max_abs_diff": 16.8366
  },
  "mean_Bpp_ab": {
   "exact": 0.0,
   "median_abs_diff": 52.3424,
   "max_abs_diff": 590.0769
  },
  "mean_Bpp_ba": {
   "exact": 0.0,
   "median_abs_diff": 161.2986,
   "max_abs_diff": 1098.2125
  },
  "mean_pps_ab": {
   "exact": 0.0,
   "median_abs_diff": 23.7502,
   "max_abs_diff": 88.4124
  },
  "mean_pps_ba": {
   "exact": 0.0,
   "median_abs_diff": 18.8613,
   "max_abs_diff": 73.9293
  },
  "mean_pkts_asm": {
   "exact": 0.0,
   "median_abs_diff": 0.035,
   "max_abs_diff": 0.1543
  },
  "mean_bytes_asm": {
   "exact": 0.0,
   "median_abs_diff": 0.0697,
   "max_abs_diff": 0.4683
  },
  "Bpp_ab_t2_minus_ref_mean": 54.081
 },
 "L7": {
  "t2_dir_rows": 747,
  "t2_bidir_flows": 302,
  "matched": 34,
  "pkts_ab": {
   "exact": 0.0588,
   "median_abs_diff": 19.5,
   "max_abs_diff": 891.0
  },
  "pkts_ba": {
   "exact": 0.0,
   "median_abs_diff": 22.5,
   "max_abs_diff": 913.0
  },
  "bytes_ab": {
   "exact": 0.0,
   "median_abs_diff": 1692.0,
   "max_abs_diff": 82014.0
  },
  "bytes_ba": {
   "exact": 0.0,
   "median_abs_diff": 4817.5,
   "max_abs_diff": 138388.0
  },
  "duration": {
   "exact": 0.0,
   "median_abs_diff": 3.6423,
   "max_abs_diff": 16.8366
  },
  "mean_Bpp_ab": {
   "exact": 0.0,
   "median_abs_diff": 46.0626,
   "max_abs_diff": 549.6923
  },
  "mean_Bpp_ba": {
   "exact": 0.0,
   "median_abs_diff": 138.3717,
   "max_abs_diff": 1058.1978
  },
  "mean_pps_ab": {
   "exact": 0.0,
   "median_abs_diff": 23.7502,
   "max_abs_diff": 88.4124
  },
  "mean_pps_ba": {
   "exact": 0.0,
   "median_abs_diff": 18.8613,
   "max_abs_diff": 73.9293
  },
  "mean_pkts_asm": {
   "exact": 0.0,
   "median_abs_diff": 0.035,
   "max_abs_diff": 0.1543
  },
  "mean_bytes_asm": {
   "exact": 0.0,
   "median_abs_diff": 0.085,
   "max_abs_diff": 0.4941
  },
  "Bpp_ab_t2_minus_ref_mean": 13.006
 }
}
{
 "capture": "firefox_13_post_quad9",
 "browser": "firefox",
 "session": "13_post_quad9",
 "ref_rows": 1150,
 "ref_rows_port443": 1150,
 "L3": {
  "t2_dir_rows": 616,
  "t2_bidir_flows": 264,
  "matched": 18,
  "pkts_ab": {
   "exact": 0.1667,
   "median_abs_diff": 28.5,
   "max_abs_diff": 651.0
  },
  "pkts_ba": {
   "exact": 0.1111,
   "median_abs_diff": 28.0,
   "max_abs_diff": 1439.0
  },
  "bytes_ab": {
   "exact": 0.0,
   "median_abs_diff": 2373.0,
   "max_abs_diff": 26444.0
  },
  "bytes_ba": {
   "exact": 0.0,
   "median_abs_diff": 2577.0,
   "max_abs_diff": 2036240.0
  },
  "duration": {
   "exact": 0.0,
   "median_abs_diff": 4.5589,
   "max_abs_diff": 17.1443
  },
  "mean_Bpp_ab": {
   "exact": 0.0,
   "median_abs_diff": 71.1961,
   "max_abs_diff": 159.1034
  },
  "mean_Bpp_ba": {
   "exact": 0.0,
   "median_abs_diff": 212.8154,
   "max_abs_diff": 1310.6649
  },
  "mean_pps_ab": {
   "exact": 0.0,
   "median_abs_diff": 11.0219,
   "max_abs_diff": 205.0194
  },
  "mean_pps_ba": {
   "exact": 0.0,
   "median_abs_diff": 12.2196,
   "max_abs_diff": 464.9668
  },
  "mean_pkts_asm": {
   "exact": 0.2222,
   "median_abs_diff": 0.0197,
   "max_abs_diff": 0.1903
  },
  "mean_bytes_asm": {
   "exact": 0.0,
   "median_abs_diff": 0.121,
   "max_abs_diff": 0.4979
  },
  "Bpp_ab_t2_minus_ref_mean": 31.099
 },
 "L7": {
  "t2_dir_rows": 616,
  "t2_bidir_flows": 264,
  "matched": 18,
  "pkts_ab": {
   "exact": 0.1667,
   "median_abs_diff": 28.5,
   "max_abs_diff": 651.0
  },
  "pkts_ba": {
   "exact": 0.1111,
   "median_abs_diff": 28.0,
   "max_abs_diff": 1439.0
  },
  "bytes_ab": {
   "exact": 0.0,
   "median_abs_diff": 1611.5,
   "max_abs_diff": 25016.0
  },
  "bytes_ba": {
   "exact": 0.0,
   "median_abs_diff": 2619.0,
   "max_abs_diff": 1977396.0
  },
  "duration": {
   "exact": 0.0,
   "median_abs_diff": 4.5589,
   "max_abs_diff": 17.1443
  },
  "mean_Bpp_ab": {
   "exact": 0.0,
   "median_abs_diff": 51.9751,
   "max_abs_diff": 199.7931
  },
  "mean_Bpp_ba": {
   "exact": 0.0,
   "median_abs_diff": 172.5856,
   "max_abs_diff": 1270.6622
  },
  "mean_pps_ab": {
   "exact": 0.0,
   "median_abs_diff": 11.0219,
   "max_abs_diff": 205.0194
  },
  "mean_pps_ba": {
   "exact": 0.0,
   "median_abs_diff": 12.2196,
   "max_abs_diff": 464.9668
  },
  "mean_pkts_asm": {
   "exact": 0.2222,
   "median_abs_diff": 0.0197,
   "max_abs_diff": 0.1903
  },
  "mean_bytes_asm": {
   "exact": 0.0,
   "median_abs_diff": 0.1447,
   "max_abs_diff": 0.5114
  },
  "Bpp_ab_t2_minus_ref_mean": -9.957
 }
}
{
 "capture": "firefox_14_get_quad9",
 "browser": "firefox",
 "session": "14_get_quad9",
 "ref_rows": 385,
 "ref_rows_port443": 385,
 "L3": {
  "t2_dir_rows": 41,
  "t2_bidir_flows": 19,
  "matched": 0,
  "pkts_ab": {
   "exact": null,
   "median_abs_diff": null,
   "max_abs_diff": null
  },
  "pkts_ba": {
   "exact": null,
   "median_abs_diff": null,
   "max_abs_diff": null
  },
  "bytes_ab": {
   "exact": null,
   "median_abs_diff": null,
   "max_abs_diff": null
  },
  "bytes_ba": {
   "exact": null,
   "median_abs_diff": null,
   "max_abs_diff": null
  },
  "duration": {
   "exact": null,
   "median_abs_diff": null,
   "max_abs_diff": null
  },
  "mean_Bpp_ab": {
   "exact": null,
   "median_abs_diff": null,
   "max_abs_diff": null
  },
  "mean_Bpp_ba": {
   "exact": null,
   "median_abs_diff": null,
   "max_abs_diff": null
  },
  "mean_pps_ab": {
   "exact": null,
   "median_abs_diff": null,
   "max_abs_diff": null
  },
  "mean_pps_ba": {
   "exact": null,
   "median_abs_diff": null,
   "max_abs_diff": null
  },
  "mean_pkts_asm": {
   "exact": null,
   "median_abs_diff": null,
   "max_abs_diff": null
  },
  "mean_bytes_asm": {
   "exact": null,
   "median_abs_diff": null,
   "max_abs_diff": null
  },
  "Bpp_ab_t2_minus_ref_mean": null
 },
 "L7": {
  "t2_dir_rows": 41,
  "t2_bidir_flows": 19,
  "matched": 0,
  "pkts_ab": {
   "exact": null,
   "median_abs_diff": null,
   "max_abs_diff": null
  },
  "pkts_ba": {
   "exact": null,
   "median_abs_diff": null,
   "max_abs_diff": null
  },
  "bytes_ab": {
   "exact": null,
   "median_abs_diff": null,
   "max_abs_diff": null
  },
  "bytes_ba": {
   "exact": null,
   "median_abs_diff": null,
   "max_abs_diff": null
  },
  "duration": {
   "exact": null,
   "median_abs_diff": null,
   "max_abs_diff": null
  },
  "mean_Bpp_ab": {
   "exact": null,
   "median_abs_diff": null,
   "max_abs_diff": null
  },
  "mean_Bpp_ba": {
   "exact": null,
   "median_abs_diff": null,
   "max_abs_diff": null
  },
  "mean_pps_ab": {
   "exact": null,
   "median_abs_diff": null,
   "max_abs_diff": null
  },
  "mean_pps_ba": {
   "exact": null,
   "median_abs_diff": null,
   "max_abs_diff": null
  },
  "mean_pkts_asm": {
   "exact": null,
   "median_abs_diff": null,
   "max_abs_diff": null
  },
  "mean_bytes_asm": {
   "exact": null,
   "median_abs_diff": null,
   "max_abs_diff": null
  },
  "Bpp_ab_t2_minus_ref_mean": null
 }
}
